// Jest Snapshot v1, https://goo.gl/fbAQLP

exports[`<Button /> should render the heading 1`] = `
<div
  class=""
>
  <h1>
    Button
  </h1>
</div>
`;
